Analysis & Synthesis report for Datapath
Wed May 10 19:46:31 2023
Quartus Prime Version 20.1.1 Build 720 11/11/2020 SJ Lite Edition


---------------------
; Table of Contents ;
---------------------
  1. Legal Notice
  2. Analysis & Synthesis Summary
  3. Analysis & Synthesis Settings
  4. Parallel Compilation
  5. Analysis & Synthesis Source Files Read
  6. Analysis & Synthesis Resource Usage Summary
  7. Analysis & Synthesis Resource Utilization by Entity
  8. General Register Statistics
  9. Port Connectivity Checks: "ALU:alu3"
 10. Port Connectivity Checks: "ALU:alu2"
 11. Port Connectivity Checks: "ALU:alu1"
 12. Port Connectivity Checks: "Mux_4to1_16bit:muxAluB"
 13. Port Connectivity Checks: "PipelineRegister:MEMWB"
 14. Port Connectivity Checks: "PipelineRegister:EXMEM"
 15. Port Connectivity Checks: "PipelineRegister:RREX"
 16. Port Connectivity Checks: "PipelineRegister:IDRR"
 17. Port Connectivity Checks: "PipelineRegister:IFID"
 18. Post-Synthesis Netlist Statistics for Top Partition
 19. Elapsed Time Per Partition
 20. Analysis & Synthesis Messages



----------------
; Legal Notice ;
----------------
Copyright (C) 2020  Intel Corporation. All rights reserved.
Your use of Intel Corporation's design tools, logic functions 
and other software and tools, and any partner logic 
functions, and any output files from any of the foregoing 
(including device programming or simulation files), and any 
associated documentation or information are expressly subject 
to the terms and conditions of the Intel Program License 
Subscription Agreement, the Intel Quartus Prime License Agreement,
the Intel FPGA IP License Agreement, or other applicable license
agreement, including, without limitation, that your use is for
the sole purpose of programming logic devices manufactured by
Intel and sold by Intel or its authorized distributors.  Please
refer to the applicable agreement for further details, at
https://fpgasoftware.intel.com/eula.



+----------------------------------------------------------------------------------+
; Analysis & Synthesis Summary                                                     ;
+------------------------------------+---------------------------------------------+
; Analysis & Synthesis Status        ; Successful - Wed May 10 19:46:31 2023       ;
; Quartus Prime Version              ; 20.1.1 Build 720 11/11/2020 SJ Lite Edition ;
; Revision Name                      ; Datapath                                    ;
; Top-level Entity Name              ; Datapath                                    ;
; Family                             ; MAX 10                                      ;
; Total logic elements               ; 0                                           ;
;     Total combinational functions  ; 0                                           ;
;     Dedicated logic registers      ; 0                                           ;
; Total registers                    ; 0                                           ;
; Total pins                         ; 1                                           ;
; Total virtual pins                 ; 0                                           ;
; Total memory bits                  ; 0                                           ;
; Embedded Multiplier 9-bit elements ; 0                                           ;
; Total PLLs                         ; 0                                           ;
; UFM blocks                         ; 0                                           ;
; ADC blocks                         ; 0                                           ;
+------------------------------------+---------------------------------------------+


+------------------------------------------------------------------------------------------------------------+
; Analysis & Synthesis Settings                                                                              ;
+------------------------------------------------------------------+--------------------+--------------------+
; Option                                                           ; Setting            ; Default Value      ;
+------------------------------------------------------------------+--------------------+--------------------+
; Device                                                           ; 10M25SAE144C8G     ;                    ;
; Top-level entity name                                            ; Datapath           ; Datapath           ;
; Family name                                                      ; MAX 10             ; Cyclone V          ;
; Use smart compilation                                            ; Off                ; Off                ;
; Enable parallel Assembler and Timing Analyzer during compilation ; On                 ; On                 ;
; Enable compact report table                                      ; Off                ; Off                ;
; Restructure Multiplexers                                         ; Auto               ; Auto               ;
; Create Debugging Nodes for IP Cores                              ; Off                ; Off                ;
; Preserve fewer node names                                        ; On                 ; On                 ;
; Intel FPGA IP Evaluation Mode                                    ; Enable             ; Enable             ;
; Verilog Version                                                  ; Verilog_2001       ; Verilog_2001       ;
; VHDL Version                                                     ; VHDL_1993          ; VHDL_1993          ;
; State Machine Processing                                         ; Auto               ; Auto               ;
; Safe State Machine                                               ; Off                ; Off                ;
; Extract Verilog State Machines                                   ; On                 ; On                 ;
; Extract VHDL State Machines                                      ; On                 ; On                 ;
; Ignore Verilog initial constructs                                ; Off                ; Off                ;
; Iteration limit for constant Verilog loops                       ; 5000               ; 5000               ;
; Iteration limit for non-constant Verilog loops                   ; 250                ; 250                ;
; Add Pass-Through Logic to Inferred RAMs                          ; On                 ; On                 ;
; Infer RAMs from Raw Logic                                        ; On                 ; On                 ;
; Parallel Synthesis                                               ; On                 ; On                 ;
; DSP Block Balancing                                              ; Auto               ; Auto               ;
; NOT Gate Push-Back                                               ; On                 ; On                 ;
; Power-Up Don't Care                                              ; On                 ; On                 ;
; Remove Redundant Logic Cells                                     ; Off                ; Off                ;
; Remove Duplicate Registers                                       ; On                 ; On                 ;
; Ignore CARRY Buffers                                             ; Off                ; Off                ;
; Ignore CASCADE Buffers                                           ; Off                ; Off                ;
; Ignore GLOBAL Buffers                                            ; Off                ; Off                ;
; Ignore ROW GLOBAL Buffers                                        ; Off                ; Off                ;
; Ignore LCELL Buffers                                             ; Off                ; Off                ;
; Ignore SOFT Buffers                                              ; On                 ; On                 ;
; Limit AHDL Integers to 32 Bits                                   ; Off                ; Off                ;
; Optimization Technique                                           ; Balanced           ; Balanced           ;
; Carry Chain Length                                               ; 70                 ; 70                 ;
; Auto Carry Chains                                                ; On                 ; On                 ;
; Auto Open-Drain Pins                                             ; On                 ; On                 ;
; Perform WYSIWYG Primitive Resynthesis                            ; Off                ; Off                ;
; Auto ROM Replacement                                             ; On                 ; On                 ;
; Auto RAM Replacement                                             ; On                 ; On                 ;
; Auto DSP Block Replacement                                       ; On                 ; On                 ;
; Auto Shift Register Replacement                                  ; Auto               ; Auto               ;
; Allow Shift Register Merging across Hierarchies                  ; Auto               ; Auto               ;
; Auto Clock Enable Replacement                                    ; On                 ; On                 ;
; Strict RAM Replacement                                           ; Off                ; Off                ;
; Allow Synchronous Control Signals                                ; On                 ; On                 ;
; Force Use of Synchronous Clear Signals                           ; Off                ; Off                ;
; Auto RAM Block Balancing                                         ; On                 ; On                 ;
; Auto RAM to Logic Cell Conversion                                ; Off                ; Off                ;
; Auto Resource Sharing                                            ; Off                ; Off                ;
; Allow Any RAM Size For Recognition                               ; Off                ; Off                ;
; Allow Any ROM Size For Recognition                               ; Off                ; Off                ;
; Allow Any Shift Register Size For Recognition                    ; Off                ; Off                ;
; Use LogicLock Constraints during Resource Balancing              ; On                 ; On                 ;
; Ignore translate_off and synthesis_off directives                ; Off                ; Off                ;
; Timing-Driven Synthesis                                          ; On                 ; On                 ;
; Report Parameter Settings                                        ; On                 ; On                 ;
; Report Source Assignments                                        ; On                 ; On                 ;
; Report Connectivity Checks                                       ; On                 ; On                 ;
; Ignore Maximum Fan-Out Assignments                               ; Off                ; Off                ;
; Synchronization Register Chain Length                            ; 2                  ; 2                  ;
; Power Optimization During Synthesis                              ; Normal compilation ; Normal compilation ;
; HDL message level                                                ; Level2             ; Level2             ;
; Suppress Register Optimization Related Messages                  ; Off                ; Off                ;
; Number of Removed Registers Reported in Synthesis Report         ; 5000               ; 5000               ;
; Number of Swept Nodes Reported in Synthesis Report               ; 5000               ; 5000               ;
; Number of Inverted Registers Reported in Synthesis Report        ; 100                ; 100                ;
; Clock MUX Protection                                             ; On                 ; On                 ;
; Auto Gated Clock Conversion                                      ; Off                ; Off                ;
; Block Design Naming                                              ; Auto               ; Auto               ;
; SDC constraint protection                                        ; Off                ; Off                ;
; Synthesis Effort                                                 ; Auto               ; Auto               ;
; Shift Register Replacement - Allow Asynchronous Clear Signal     ; On                 ; On                 ;
; Pre-Mapping Resynthesis Optimization                             ; Off                ; Off                ;
; Analysis & Synthesis Message Level                               ; Medium             ; Medium             ;
; Disable Register Merging Across Hierarchies                      ; Auto               ; Auto               ;
; Resource Aware Inference For Block RAM                           ; On                 ; On                 ;
+------------------------------------------------------------------+--------------------+--------------------+


+------------------------------------------+
; Parallel Compilation                     ;
+----------------------------+-------------+
; Processors                 ; Number      ;
+----------------------------+-------------+
; Number detected on machine ; 12          ;
; Maximum allowed            ; 12          ;
;                            ;             ;
; Average used               ; 1.00        ;
; Maximum used               ; 1           ;
;                            ;             ;
; Usage by Processor         ; % Time Used ;
;     Processor 1            ; 100.0%      ;
+----------------------------+-------------+


+--------------------------------------------------------------------------------------------------------------------------------------+
; Analysis & Synthesis Source Files Read                                                                                               ;
+----------------------------------+-----------------+-----------------+-----------------------------------------------------+---------+
; File Name with User-Entered Path ; Used in Netlist ; File Type       ; File Name with Absolute Path                        ; Library ;
+----------------------------------+-----------------+-----------------+-----------------------------------------------------+---------+
; InputRR.vhd                      ; yes             ; User VHDL File  ; /home/kartik/RISC_Pipelined/InputRR.vhd             ;         ;
; 2X1_3MUX.vhd                     ; yes             ; User VHDL File  ; /home/kartik/RISC_Pipelined/2X1_3MUX.vhd            ;         ;
; 2X1_8BIT.vhd                     ; yes             ; User VHDL File  ; /home/kartik/RISC_Pipelined/2X1_8BIT.vhd            ;         ;
; 2X1_16MUX.vhd                    ; yes             ; User VHDL File  ; /home/kartik/RISC_Pipelined/2X1_16MUX.vhd           ;         ;
; rr_stage.vhd                     ; yes             ; User VHDL File  ; /home/kartik/RISC_Pipelined/rr_stage.vhd            ;         ;
; loader.vhd                       ; yes             ; User VHDL File  ; /home/kartik/RISC_Pipelined/loader.vhd              ;         ;
; RF_C_Z.vhd                       ; yes             ; User VHDL File  ; /home/kartik/RISC_Pipelined/RF_C_Z.vhd              ;         ;
; Stall_and_throw.vhd              ; yes             ; User VHDL File  ; /home/kartik/RISC_Pipelined/Stall_and_throw.vhd     ;         ;
; load_hazards.vhd                 ; yes             ; User VHDL File  ; /home/kartik/RISC_Pipelined/load_hazards.vhd        ;         ;
; Execution.vhd                    ; yes             ; User VHDL File  ; /home/kartik/RISC_Pipelined/Execution.vhd           ;         ;
; FU_A.vhd                         ; yes             ; User VHDL File  ; /home/kartik/RISC_Pipelined/FU_A.vhd                ;         ;
; FU_B.vhd                         ; yes             ; User VHDL File  ; /home/kartik/RISC_Pipelined/FU_B.vhd                ;         ;
; PC_MUX_Control_unit.vhd          ; yes             ; User VHDL File  ; /home/kartik/RISC_Pipelined/PC_MUX_Control_unit.vhd ;         ;
; signExtender.vhd                 ; yes             ; User VHDL File  ; /home/kartik/RISC_Pipelined/signExtender.vhd        ;         ;
; RegisterFile.vhd                 ; yes             ; User VHDL File  ; /home/kartik/RISC_Pipelined/RegisterFile.vhd        ;         ;
; register_1bit.vhd                ; yes             ; User VHDL File  ; /home/kartik/RISC_Pipelined/register_1bit.vhd       ;         ;
; PipelineRegister.vhd             ; yes             ; User VHDL File  ; /home/kartik/RISC_Pipelined/PipelineRegister.vhd    ;         ;
; Mux_4to1_16bit.vhd               ; yes             ; User VHDL File  ; /home/kartik/RISC_Pipelined/Mux_4to1_16bit.vhd      ;         ;
; InstructionMemory.vhd            ; yes             ; User VHDL File  ; /home/kartik/RISC_Pipelined/InstructionMemory.vhd   ;         ;
; Datapath.vhd                     ; yes             ; User VHDL File  ; /home/kartik/RISC_Pipelined/Datapath.vhd            ;         ;
; DataMemory.vhd                   ; yes             ; User VHDL File  ; /home/kartik/RISC_Pipelined/DataMemory.vhd          ;         ;
; ALU.vhd                          ; yes             ; User VHDL File  ; /home/kartik/RISC_Pipelined/ALU.vhd                 ;         ;
; memoryaccess.vhd                 ; yes             ; User VHDL File  ; /home/kartik/RISC_Pipelined/memoryaccess.vhd        ;         ;
+----------------------------------+-----------------+-----------------+-----------------------------------------------------+---------+


+-----------------------------------------------------+
; Analysis & Synthesis Resource Usage Summary         ;
+---------------------------------------------+-------+
; Resource                                    ; Usage ;
+---------------------------------------------+-------+
;                                             ;       ;
; Total combinational functions               ; 0     ;
; Logic element usage by number of LUT inputs ;       ;
;     -- 4 input functions                    ; 0     ;
;     -- 3 input functions                    ; 0     ;
;     -- <=2 input functions                  ; 0     ;
;                                             ;       ;
; Logic elements by mode                      ;       ;
;     -- normal mode                          ; 0     ;
;     -- arithmetic mode                      ; 0     ;
;                                             ;       ;
; Total registers                             ; 0     ;
;     -- Dedicated logic registers            ; 0     ;
;     -- I/O registers                        ; 0     ;
;                                             ;       ;
; I/O pins                                    ; 1     ;
;                                             ;       ;
; Embedded Multiplier 9-bit elements          ; 0     ;
;                                             ;       ;
; Maximum fan-out node                        ; clk   ;
; Maximum fan-out                             ; 1     ;
; Total fan-out                               ; 1     ;
; Average fan-out                             ; 0.50  ;
+---------------------------------------------+-------+


+------------------------------------------------------------------------------------------------------------------------------------------------------------------------------------------------------------------------------------+
; Analysis & Synthesis Resource Utilization by Entity                                                                                                                                                                                ;
+----------------------------+---------------------+---------------------------+-------------+------------+--------------+---------+-----------+------+--------------+------------+---------------------+-------------+--------------+
; Compilation Hierarchy Node ; Combinational ALUTs ; Dedicated Logic Registers ; Memory Bits ; UFM Blocks ; DSP Elements ; DSP 9x9 ; DSP 18x18 ; Pins ; Virtual Pins ; ADC blocks ; Full Hierarchy Name ; Entity Name ; Library Name ;
+----------------------------+---------------------+---------------------------+-------------+------------+--------------+---------+-----------+------+--------------+------------+---------------------+-------------+--------------+
; |Datapath                  ; 0 (0)               ; 0 (0)                     ; 0           ; 0          ; 0            ; 0       ; 0         ; 1    ; 0            ; 0          ; |Datapath           ; Datapath    ; work         ;
+----------------------------+---------------------+---------------------------+-------------+------------+--------------+---------+-----------+------+--------------+------------+---------------------+-------------+--------------+
Note: For table entries with two numbers listed, the numbers in parentheses indicate the number of resources of the given type used by the specific entity alone. The numbers listed outside of parentheses indicate the total resources of the given type used by the specific entity and all of its sub-entities in the hierarchy.


+------------------------------------------------------+
; General Register Statistics                          ;
+----------------------------------------------+-------+
; Statistic                                    ; Value ;
+----------------------------------------------+-------+
; Total registers                              ; 0     ;
; Number of registers using Synchronous Clear  ; 0     ;
; Number of registers using Synchronous Load   ; 0     ;
; Number of registers using Asynchronous Clear ; 0     ;
; Number of registers using Asynchronous Load  ; 0     ;
; Number of registers using Clock Enable       ; 0     ;
; Number of registers using Preset             ; 0     ;
+----------------------------------------------+-------+


+-------------------------------------------------------------------------------------------------------------------------------+
; Port Connectivity Checks: "ALU:alu3"                                                                                          ;
+---------------------+--------+----------+-------------------------------------------------------------------------------------+
; Port                ; Type   ; Severity ; Details                                                                             ;
+---------------------+--------+----------+-------------------------------------------------------------------------------------+
; instruction[13..12] ; Input  ; Info     ; Stuck at VCC                                                                        ;
; instruction[11..0]  ; Input  ; Info     ; Stuck at GND                                                                        ;
; instruction[15]     ; Input  ; Info     ; Stuck at VCC                                                                        ;
; instruction[14]     ; Input  ; Info     ; Stuck at GND                                                                        ;
; control_sel         ; Input  ; Info     ; Stuck at GND                                                                        ;
; c_flag              ; Output ; Info     ; Connected to dangling logic. Logic that only feeds a dangling port will be removed. ;
; z_flag              ; Output ; Info     ; Connected to dangling logic. Logic that only feeds a dangling port will be removed. ;
; e_flag              ; Output ; Info     ; Connected to dangling logic. Logic that only feeds a dangling port will be removed. ;
+---------------------+--------+----------+-------------------------------------------------------------------------------------+


+------------------------------------------------------------------------------------------------------------------+
; Port Connectivity Checks: "ALU:alu2"                                                                             ;
+--------+--------+----------+-------------------------------------------------------------------------------------+
; Port   ; Type   ; Severity ; Details                                                                             ;
+--------+--------+----------+-------------------------------------------------------------------------------------+
; e_flag ; Output ; Info     ; Connected to dangling logic. Logic that only feeds a dangling port will be removed. ;
+--------+--------+----------+-------------------------------------------------------------------------------------+


+-------------------------------------------------------------------------------------------------------------------------------+
; Port Connectivity Checks: "ALU:alu1"                                                                                          ;
+---------------------+--------+----------+-------------------------------------------------------------------------------------+
; Port                ; Type   ; Severity ; Details                                                                             ;
+---------------------+--------+----------+-------------------------------------------------------------------------------------+
; b[15..2]            ; Input  ; Info     ; Stuck at GND                                                                        ;
; b[1]                ; Input  ; Info     ; Stuck at VCC                                                                        ;
; b[0]                ; Input  ; Info     ; Stuck at GND                                                                        ;
; instruction[13..12] ; Input  ; Info     ; Stuck at VCC                                                                        ;
; instruction[11..0]  ; Input  ; Info     ; Stuck at GND                                                                        ;
; instruction[15]     ; Input  ; Info     ; Stuck at VCC                                                                        ;
; instruction[14]     ; Input  ; Info     ; Stuck at GND                                                                        ;
; control_sel         ; Input  ; Info     ; Stuck at GND                                                                        ;
; c_flag              ; Output ; Info     ; Connected to dangling logic. Logic that only feeds a dangling port will be removed. ;
; z_flag              ; Output ; Info     ; Connected to dangling logic. Logic that only feeds a dangling port will be removed. ;
; e_flag              ; Output ; Info     ; Connected to dangling logic. Logic that only feeds a dangling port will be removed. ;
+---------------------+--------+----------+-------------------------------------------------------------------------------------+


+----------------------------------------------------+
; Port Connectivity Checks: "Mux_4to1_16bit:muxAluB" ;
+----------+-------+----------+----------------------+
; Port     ; Type  ; Severity ; Details              ;
+----------+-------+----------+----------------------+
; c[15..2] ; Input ; Info     ; Stuck at GND         ;
; c[1]     ; Input ; Info     ; Stuck at VCC         ;
; c[0]     ; Input ; Info     ; Stuck at GND         ;
+----------+-------+----------+----------------------+


+-----------------------------------------------------+
; Port Connectivity Checks: "PipelineRegister:MEMWB"  ;
+-------------------+-------+----------+--------------+
; Port              ; Type  ; Severity ; Details      ;
+-------------------+-------+----------+--------------+
; data_in[106..101] ; Input ; Info     ; Stuck at GND ;
; data_in[68..53]   ; Input ; Info     ; Stuck at GND ;
; data_in[51..48]   ; Input ; Info     ; Stuck at GND ;
+-------------------+-------+----------+--------------+


+-----------------------------------------------------+
; Port Connectivity Checks: "PipelineRegister:EXMEM"  ;
+-------------------+-------+----------+--------------+
; Port              ; Type  ; Severity ; Details      ;
+-------------------+-------+----------+--------------+
; data_in[122..106] ; Input ; Info     ; Stuck at GND ;
; data_in[102..101] ; Input ; Info     ; Stuck at GND ;
; data_in[51..50]   ; Input ; Info     ; Stuck at GND ;
; data_in[48]       ; Input ; Info     ; Stuck at GND ;
+-------------------+-------+----------+--------------+


+-----------------------------------------------------+
; Port Connectivity Checks: "PipelineRegister:RREX"   ;
+-------------------+-------+----------+--------------+
; Port              ; Type  ; Severity ; Details      ;
+-------------------+-------+----------+--------------+
; data_in[122..106] ; Input ; Info     ; Stuck at GND ;
; data_in[102..85]  ; Input ; Info     ; Stuck at GND ;
; data_in[52..48]   ; Input ; Info     ; Stuck at GND ;
+-------------------+-------+----------+--------------+


+----------------------------------------------------+
; Port Connectivity Checks: "PipelineRegister:IDRR"  ;
+------------------+-------+----------+--------------+
; Port             ; Type  ; Severity ; Details      ;
+------------------+-------+----------+--------------+
; data_in[122..85] ; Input ; Info     ; Stuck at GND ;
; data_in[68..48]  ; Input ; Info     ; Stuck at GND ;
+------------------+-------+----------+--------------+


+----------------------------------------------------+
; Port Connectivity Checks: "PipelineRegister:IFID"  ;
+------------------+-------+----------+--------------+
; Port             ; Type  ; Severity ; Details      ;
+------------------+-------+----------+--------------+
; data_in[122..85] ; Input ; Info     ; Stuck at GND ;
; data_in[68..16]  ; Input ; Info     ; Stuck at GND ;
+------------------+-------+----------+--------------+


+-----------------------------------------------------+
; Post-Synthesis Netlist Statistics for Top Partition ;
+-------------------+---------------------------------+
; Type              ; Count                           ;
+-------------------+---------------------------------+
; boundary_port     ; 1                               ;
;                   ;                                 ;
; Max LUT depth     ; 0.00                            ;
; Average LUT depth ; 0.00                            ;
+-------------------+---------------------------------+


+-------------------------------+
; Elapsed Time Per Partition    ;
+----------------+--------------+
; Partition Name ; Elapsed Time ;
+----------------+--------------+
; Top            ; 00:00:00     ;
+----------------+--------------+


+-------------------------------+
; Analysis & Synthesis Messages ;
+-------------------------------+
Info: *******************************************************************
Info: Running Quartus Prime Analysis & Synthesis
    Info: Version 20.1.1 Build 720 11/11/2020 SJ Lite Edition
    Info: Processing started: Wed May 10 19:46:22 2023
Info: Command: quartus_map --read_settings_files=on --write_settings_files=off RISCee -c Datapath
Warning (18236): Number of processors has not been specified which may cause overloading on shared machines.  Set the global assignment NUM_PARALLEL_PROCESSORS in your QSF to an appropriate value for best performance.
Info (20030): Parallel compilation is enabled and will use 12 of the 12 processors detected
Info (12021): Found 2 design units, including 1 entities, in source file InputRR.vhd
    Info (12022): Found design unit 1: RRINDECIDER-struct File: /home/kartik/RISC_Pipelined/InputRR.vhd Line: 12
    Info (12023): Found entity 1: RRINDECIDER File: /home/kartik/RISC_Pipelined/InputRR.vhd Line: 4
Info (12021): Found 2 design units, including 1 entities, in source file 2X1_3MUX.vhd
    Info (12022): Found design unit 1: Mux_2to1_3bit-arch_Mux_2to1_3bit File: /home/kartik/RISC_Pipelined/2X1_3MUX.vhd Line: 14
    Info (12023): Found entity 1: Mux_2to1_3bit File: /home/kartik/RISC_Pipelined/2X1_3MUX.vhd Line: 5
Info (12021): Found 2 design units, including 1 entities, in source file 2X1_8BIT.vhd
    Info (12022): Found design unit 1: Mux_2to1_8bit-arch_Mux_2to1_8bit File: /home/kartik/RISC_Pipelined/2X1_8BIT.vhd Line: 14
    Info (12023): Found entity 1: Mux_2to1_8bit File: /home/kartik/RISC_Pipelined/2X1_8BIT.vhd Line: 5
Info (12021): Found 2 design units, including 1 entities, in source file 2X1_16MUX.vhd
    Info (12022): Found design unit 1: Mux_2to1_16bit-arch_Mux_2to1_16bit File: /home/kartik/RISC_Pipelined/2X1_16MUX.vhd Line: 14
    Info (12023): Found entity 1: Mux_2to1_16bit File: /home/kartik/RISC_Pipelined/2X1_16MUX.vhd Line: 5
Info (12021): Found 2 design units, including 1 entities, in source file rr_stage.vhd
    Info (12022): Found design unit 1: RR-rr_arch File: /home/kartik/RISC_Pipelined/rr_stage.vhd Line: 16
    Info (12023): Found entity 1: RR File: /home/kartik/RISC_Pipelined/rr_stage.vhd Line: 5
Info (12021): Found 2 design units, including 1 entities, in source file RFA3IN.vhd
    Info (12022): Found design unit 1: RFA3INDECIDER-struct File: /home/kartik/RISC_Pipelined/RFA3IN.vhd Line: 13
    Info (12023): Found entity 1: RFA3INDECIDER File: /home/kartik/RISC_Pipelined/RFA3IN.vhd Line: 4
Info (12021): Found 2 design units, including 1 entities, in source file loader.vhd
    Info (12022): Found design unit 1: loader-loader_arch File: /home/kartik/RISC_Pipelined/loader.vhd Line: 13
    Info (12023): Found entity 1: loader File: /home/kartik/RISC_Pipelined/loader.vhd Line: 5
Info (12021): Found 2 design units, including 1 entities, in source file RF_C_Z.vhd
    Info (12022): Found design unit 1: RFCZ-behave File: /home/kartik/RISC_Pipelined/RF_C_Z.vhd Line: 19
    Info (12023): Found entity 1: RFCZ File: /home/kartik/RISC_Pipelined/RF_C_Z.vhd Line: 5
Info (12021): Found 2 design units, including 1 entities, in source file Stall_and_throw.vhd
    Info (12022): Found design unit 1: Stall_and_throw-behave File: /home/kartik/RISC_Pipelined/Stall_and_throw.vhd Line: 18
    Info (12023): Found entity 1: Stall_and_throw File: /home/kartik/RISC_Pipelined/Stall_and_throw.vhd Line: 5
Info (12021): Found 2 design units, including 1 entities, in source file load_hazards.vhd
    Info (12022): Found design unit 1: load_hazards-arch_load_hazards File: /home/kartik/RISC_Pipelined/load_hazards.vhd Line: 16
    Info (12023): Found entity 1: load_hazards File: /home/kartik/RISC_Pipelined/load_hazards.vhd Line: 6
Info (12021): Found 2 design units, including 1 entities, in source file Execution.vhd
    Info (12022): Found design unit 1: Executor-Executor_arch File: /home/kartik/RISC_Pipelined/Execution.vhd Line: 13
    Info (12023): Found entity 1: Executor File: /home/kartik/RISC_Pipelined/Execution.vhd Line: 5
Info (12021): Found 2 design units, including 1 entities, in source file FU_A.vhd
    Info (12022): Found design unit 1: FwdA-FwdA_arch File: /home/kartik/RISC_Pipelined/FU_A.vhd Line: 20
    Info (12023): Found entity 1: FwdA File: /home/kartik/RISC_Pipelined/FU_A.vhd Line: 6
Info (12021): Found 2 design units, including 1 entities, in source file FU_B.vhd
    Info (12022): Found design unit 1: FwdB-arch_FwdB File: /home/kartik/RISC_Pipelined/FU_B.vhd Line: 18
    Info (12023): Found entity 1: FwdB File: /home/kartik/RISC_Pipelined/FU_B.vhd Line: 6
Info (12021): Found 2 design units, including 1 entities, in source file PC_MUX_Control_unit.vhd
    Info (12022): Found design unit 1: PC_MUX_Control_unit-arch_PC_MUX_Control_unit File: /home/kartik/RISC_Pipelined/PC_MUX_Control_unit.vhd Line: 18
    Info (12023): Found entity 1: PC_MUX_Control_unit File: /home/kartik/RISC_Pipelined/PC_MUX_Control_unit.vhd Line: 5
Info (12021): Found 2 design units, including 1 entities, in source file signExtender.vhd
    Info (12022): Found design unit 1: SignExtender-arch_SignExtender File: /home/kartik/RISC_Pipelined/signExtender.vhd Line: 11
    Info (12023): Found entity 1: SignExtender File: /home/kartik/RISC_Pipelined/signExtender.vhd Line: 5
Info (12021): Found 2 design units, including 1 entities, in source file RegisterFile.vhd
    Info (12022): Found design unit 1: RegisterFile-RegisterFile_arch File: /home/kartik/RISC_Pipelined/RegisterFile.vhd Line: 18
    Info (12023): Found entity 1: RegisterFile File: /home/kartik/RISC_Pipelined/RegisterFile.vhd Line: 6
Info (12021): Found 2 design units, including 1 entities, in source file register_16bit.vhd
    Info (12022): Found design unit 1: register_16bit-arch_register_16bit File: /home/kartik/RISC_Pipelined/register_16bit.vhd Line: 14
    Info (12023): Found entity 1: register_16bit File: /home/kartik/RISC_Pipelined/register_16bit.vhd Line: 5
Info (12021): Found 2 design units, including 1 entities, in source file register_1bit.vhd
    Info (12022): Found design unit 1: register_1bit-arch_register_1bit File: /home/kartik/RISC_Pipelined/register_1bit.vhd Line: 16
    Info (12023): Found entity 1: register_1bit File: /home/kartik/RISC_Pipelined/register_1bit.vhd Line: 7
Info (12021): Found 2 design units, including 1 entities, in source file PipelineRegister.vhd
    Info (12022): Found design unit 1: PipelineRegister-arch_PipelineRegister File: /home/kartik/RISC_Pipelined/PipelineRegister.vhd Line: 15
    Info (12023): Found entity 1: PipelineRegister File: /home/kartik/RISC_Pipelined/PipelineRegister.vhd Line: 5
Info (12021): Found 2 design units, including 1 entities, in source file Mux_4to1_16bit.vhd
    Info (12022): Found design unit 1: Mux_4to1_16bit-arch_Mux_4to1_16bit File: /home/kartik/RISC_Pipelined/Mux_4to1_16bit.vhd Line: 14
    Info (12023): Found entity 1: Mux_4to1_16bit File: /home/kartik/RISC_Pipelined/Mux_4to1_16bit.vhd Line: 5
Info (12021): Found 2 design units, including 1 entities, in source file InstructionMemory.vhd
    Info (12022): Found design unit 1: InstructionMemory-InstructionMemory_arch File: /home/kartik/RISC_Pipelined/InstructionMemory.vhd Line: 15
    Info (12023): Found entity 1: InstructionMemory File: /home/kartik/RISC_Pipelined/InstructionMemory.vhd Line: 5
Info (12021): Found 2 design units, including 1 entities, in source file Datapath.vhd
    Info (12022): Found design unit 1: Datapath-arch_Datapath File: /home/kartik/RISC_Pipelined/Datapath.vhd Line: 10
    Info (12023): Found entity 1: Datapath File: /home/kartik/RISC_Pipelined/Datapath.vhd Line: 5
Info (12021): Found 2 design units, including 1 entities, in source file DataMemory.vhd
    Info (12022): Found design unit 1: DataMemory-DataMemory_arch File: /home/kartik/RISC_Pipelined/DataMemory.vhd Line: 16
    Info (12023): Found entity 1: DataMemory File: /home/kartik/RISC_Pipelined/DataMemory.vhd Line: 5
Info (12021): Found 2 design units, including 1 entities, in source file ALU.vhd
    Info (12022): Found design unit 1: ALU-ALU_arch File: /home/kartik/RISC_Pipelined/ALU.vhd Line: 33
    Info (12023): Found entity 1: ALU File: /home/kartik/RISC_Pipelined/ALU.vhd Line: 15
Info (12021): Found 2 design units, including 1 entities, in source file testbench.vhd
    Info (12022): Found design unit 1: testbench_tb-test_arch File: /home/kartik/RISC_Pipelined/testbench.vhd Line: 9
    Info (12023): Found entity 1: testbench_tb File: /home/kartik/RISC_Pipelined/testbench.vhd Line: 6
Info (12021): Found 2 design units, including 1 entities, in source file memoryaccess.vhd
    Info (12022): Found design unit 1: MEMACCESS-MEMACCESS_arch File: /home/kartik/RISC_Pipelined/memoryaccess.vhd Line: 14
    Info (12023): Found entity 1: MEMACCESS File: /home/kartik/RISC_Pipelined/memoryaccess.vhd Line: 5
Info (12127): Elaborating entity "Datapath" for the top level hierarchy
Warning (10492): VHDL Process Statement warning at Datapath.vhd(318): signal "RF_D1" is read inside the Process Statement but isn't in the Process Statement's sensitivity list File: /home/kartik/RISC_Pipelined/Datapath.vhd Line: 318
Warning (10492): VHDL Process Statement warning at Datapath.vhd(319): signal "RF_D2" is read inside the Process Statement but isn't in the Process Statement's sensitivity list File: /home/kartik/RISC_Pipelined/Datapath.vhd Line: 319
Warning (10492): VHDL Process Statement warning at Datapath.vhd(329): signal "pe_addr" is read inside the Process Statement but isn't in the Process Statement's sensitivity list File: /home/kartik/RISC_Pipelined/Datapath.vhd Line: 329
Warning (10492): VHDL Process Statement warning at Datapath.vhd(331): signal "RREX_8" is read inside the Process Statement but isn't in the Process Statement's sensitivity list File: /home/kartik/RISC_Pipelined/Datapath.vhd Line: 331
Warning (10492): VHDL Process Statement warning at Datapath.vhd(332): signal "RREXOUT_DATA2" is read inside the Process Statement but isn't in the Process Statement's sensitivity list File: /home/kartik/RISC_Pipelined/Datapath.vhd Line: 332
Warning (10492): VHDL Process Statement warning at Datapath.vhd(344): signal "alu2out" is read inside the Process Statement but isn't in the Process Statement's sensitivity list File: /home/kartik/RISC_Pipelined/Datapath.vhd Line: 344
Warning (10492): VHDL Process Statement warning at Datapath.vhd(349): signal "EXMEM_DATA1" is read inside the Process Statement but isn't in the Process Statement's sensitivity list File: /home/kartik/RISC_Pipelined/Datapath.vhd Line: 349
Warning (10492): VHDL Process Statement warning at Datapath.vhd(369): signal "DataOut" is read inside the Process Statement but isn't in the Process Statement's sensitivity list File: /home/kartik/RISC_Pipelined/Datapath.vhd Line: 369
Warning (10873): Using initial value X (don't care) for net "IFID_in[122..85]" at Datapath.vhd(244) File: /home/kartik/RISC_Pipelined/Datapath.vhd Line: 244
Warning (10873): Using initial value X (don't care) for net "IFID_in[68..16]" at Datapath.vhd(244) File: /home/kartik/RISC_Pipelined/Datapath.vhd Line: 244
Warning (10873): Using initial value X (don't care) for net "IDRR_in[122..85]" at Datapath.vhd(244) File: /home/kartik/RISC_Pipelined/Datapath.vhd Line: 244
Warning (10873): Using initial value X (don't care) for net "IDRR_in[68..48]" at Datapath.vhd(244) File: /home/kartik/RISC_Pipelined/Datapath.vhd Line: 244
Warning (10873): Using initial value X (don't care) for net "RREX_in[122..106]" at Datapath.vhd(244) File: /home/kartik/RISC_Pipelined/Datapath.vhd Line: 244
Warning (10873): Using initial value X (don't care) for net "RREX_in[102..85]" at Datapath.vhd(244) File: /home/kartik/RISC_Pipelined/Datapath.vhd Line: 244
Warning (10873): Using initial value X (don't care) for net "RREX_in[52..48]" at Datapath.vhd(244) File: /home/kartik/RISC_Pipelined/Datapath.vhd Line: 244
Warning (10873): Using initial value X (don't care) for net "EXMEM_in[122..106]" at Datapath.vhd(244) File: /home/kartik/RISC_Pipelined/Datapath.vhd Line: 244
Warning (10873): Using initial value X (don't care) for net "EXMEM_in[102..101]" at Datapath.vhd(244) File: /home/kartik/RISC_Pipelined/Datapath.vhd Line: 244
Warning (10873): Using initial value X (don't care) for net "EXMEM_in[51..50]" at Datapath.vhd(244) File: /home/kartik/RISC_Pipelined/Datapath.vhd Line: 244
Warning (10873): Using initial value X (don't care) for net "EXMEM_in[48]" at Datapath.vhd(244) File: /home/kartik/RISC_Pipelined/Datapath.vhd Line: 244
Warning (10873): Using initial value X (don't care) for net "MEMWB_in[106..101]" at Datapath.vhd(244) File: /home/kartik/RISC_Pipelined/Datapath.vhd Line: 244
Warning (10873): Using initial value X (don't care) for net "MEMWB_in[68..53]" at Datapath.vhd(244) File: /home/kartik/RISC_Pipelined/Datapath.vhd Line: 244
Warning (10873): Using initial value X (don't care) for net "MEMWB_in[51..48]" at Datapath.vhd(244) File: /home/kartik/RISC_Pipelined/Datapath.vhd Line: 244
Info (12128): Elaborating entity "PipelineRegister" for hierarchy "PipelineRegister:IFID" File: /home/kartik/RISC_Pipelined/Datapath.vhd Line: 255
Info (12128): Elaborating entity "InstructionMemory" for hierarchy "InstructionMemory:IMem" File: /home/kartik/RISC_Pipelined/Datapath.vhd Line: 261
Warning (10492): VHDL Process Statement warning at InstructionMemory.vhd(27): signal "Instructions" is read inside the Process Statement but isn't in the Process Statement's sensitivity list File: /home/kartik/RISC_Pipelined/InstructionMemory.vhd Line: 27
Warning (10492): VHDL Process Statement warning at InstructionMemory.vhd(28): signal "Instructions" is read inside the Process Statement but isn't in the Process Statement's sensitivity list File: /home/kartik/RISC_Pipelined/InstructionMemory.vhd Line: 28
Info (12128): Elaborating entity "DataMemory" for hierarchy "DataMemory:DMem" File: /home/kartik/RISC_Pipelined/Datapath.vhd Line: 262
Warning (10492): VHDL Process Statement warning at DataMemory.vhd(22): signal "Memory_write_enable" is read inside the Process Statement but isn't in the Process Statement's sensitivity list File: /home/kartik/RISC_Pipelined/DataMemory.vhd Line: 22
Warning (10492): VHDL Process Statement warning at DataMemory.vhd(23): signal "data_in_memory" is read inside the Process Statement but isn't in the Process Statement's sensitivity list File: /home/kartik/RISC_Pipelined/DataMemory.vhd Line: 23
Warning (10492): VHDL Process Statement warning at DataMemory.vhd(24): signal "Memory_data" is read inside the Process Statement but isn't in the Process Statement's sensitivity list File: /home/kartik/RISC_Pipelined/DataMemory.vhd Line: 24
Warning (10492): VHDL Process Statement warning at DataMemory.vhd(25): signal "Memory_write_enable" is read inside the Process Statement but isn't in the Process Statement's sensitivity list File: /home/kartik/RISC_Pipelined/DataMemory.vhd Line: 25
Warning (10492): VHDL Process Statement warning at DataMemory.vhd(26): signal "Memory_data" is read inside the Process Statement but isn't in the Process Statement's sensitivity list File: /home/kartik/RISC_Pipelined/DataMemory.vhd Line: 26
Warning (10631): VHDL Process Statement warning at DataMemory.vhd(20): inferring latch(es) for signal or variable "data_out_memory", which holds its previous value in one or more paths through the process File: /home/kartik/RISC_Pipelined/DataMemory.vhd Line: 20
Info (12128): Elaborating entity "RegisterFile" for hierarchy "RegisterFile:RF" File: /home/kartik/RISC_Pipelined/Datapath.vhd Line: 263
Warning (10492): VHDL Process Statement warning at RegisterFile.vhd(26): signal "address3" is read inside the Process Statement but isn't in the Process Statement's sensitivity list File: /home/kartik/RISC_Pipelined/RegisterFile.vhd Line: 26
Warning (10492): VHDL Process Statement warning at RegisterFile.vhd(28): signal "address3" is read inside the Process Statement but isn't in the Process Statement's sensitivity list File: /home/kartik/RISC_Pipelined/RegisterFile.vhd Line: 28
Warning (10492): VHDL Process Statement warning at RegisterFile.vhd(30): signal "address3" is read inside the Process Statement but isn't in the Process Statement's sensitivity list File: /home/kartik/RISC_Pipelined/RegisterFile.vhd Line: 30
Warning (10492): VHDL Process Statement warning at RegisterFile.vhd(32): signal "address3" is read inside the Process Statement but isn't in the Process Statement's sensitivity list File: /home/kartik/RISC_Pipelined/RegisterFile.vhd Line: 32
Warning (10492): VHDL Process Statement warning at RegisterFile.vhd(34): signal "address3" is read inside the Process Statement but isn't in the Process Statement's sensitivity list File: /home/kartik/RISC_Pipelined/RegisterFile.vhd Line: 34
Warning (10492): VHDL Process Statement warning at RegisterFile.vhd(36): signal "address3" is read inside the Process Statement but isn't in the Process Statement's sensitivity list File: /home/kartik/RISC_Pipelined/RegisterFile.vhd Line: 36
Warning (10492): VHDL Process Statement warning at RegisterFile.vhd(38): signal "address3" is read inside the Process Statement but isn't in the Process Statement's sensitivity list File: /home/kartik/RISC_Pipelined/RegisterFile.vhd Line: 38
Warning (10631): VHDL Process Statement warning at RegisterFile.vhd(23): inferring latch(es) for signal or variable "address3num", which holds its previous value in one or more paths through the process File: /home/kartik/RISC_Pipelined/RegisterFile.vhd Line: 23
Warning (10492): VHDL Process Statement warning at RegisterFile.vhd(67): signal "regzero" is read inside the Process Statement but isn't in the Process Statement's sensitivity list File: /home/kartik/RISC_Pipelined/RegisterFile.vhd Line: 67
Warning (10492): VHDL Process Statement warning at RegisterFile.vhd(69): signal "RF_data" is read inside the Process Statement but isn't in the Process Statement's sensitivity list File: /home/kartik/RISC_Pipelined/RegisterFile.vhd Line: 69
Warning (10631): VHDL Process Statement warning at RegisterFile.vhd(64): inferring latch(es) for signal or variable "data_out1", which holds its previous value in one or more paths through the process File: /home/kartik/RISC_Pipelined/RegisterFile.vhd Line: 64
Warning (10492): VHDL Process Statement warning at RegisterFile.vhd(76): signal "regzero" is read inside the Process Statement but isn't in the Process Statement's sensitivity list File: /home/kartik/RISC_Pipelined/RegisterFile.vhd Line: 76
Warning (10492): VHDL Process Statement warning at RegisterFile.vhd(78): signal "RF_data" is read inside the Process Statement but isn't in the Process Statement's sensitivity list File: /home/kartik/RISC_Pipelined/RegisterFile.vhd Line: 78
Warning (10631): VHDL Process Statement warning at RegisterFile.vhd(73): inferring latch(es) for signal or variable "data_out2", which holds its previous value in one or more paths through the process File: /home/kartik/RISC_Pipelined/RegisterFile.vhd Line: 73
Info (10041): Inferred latch for "data_out2[0]" at RegisterFile.vhd(73) File: /home/kartik/RISC_Pipelined/RegisterFile.vhd Line: 73
Info (10041): Inferred latch for "data_out2[1]" at RegisterFile.vhd(73) File: /home/kartik/RISC_Pipelined/RegisterFile.vhd Line: 73
Info (10041): Inferred latch for "data_out2[2]" at RegisterFile.vhd(73) File: /home/kartik/RISC_Pipelined/RegisterFile.vhd Line: 73
Info (10041): Inferred latch for "data_out2[3]" at RegisterFile.vhd(73) File: /home/kartik/RISC_Pipelined/RegisterFile.vhd Line: 73
Info (10041): Inferred latch for "data_out2[4]" at RegisterFile.vhd(73) File: /home/kartik/RISC_Pipelined/RegisterFile.vhd Line: 73
Info (10041): Inferred latch for "data_out2[5]" at RegisterFile.vhd(73) File: /home/kartik/RISC_Pipelined/RegisterFile.vhd Line: 73
Info (10041): Inferred latch for "data_out2[6]" at RegisterFile.vhd(73) File: /home/kartik/RISC_Pipelined/RegisterFile.vhd Line: 73
Info (10041): Inferred latch for "data_out2[7]" at RegisterFile.vhd(73) File: /home/kartik/RISC_Pipelined/RegisterFile.vhd Line: 73
Info (10041): Inferred latch for "data_out2[8]" at RegisterFile.vhd(73) File: /home/kartik/RISC_Pipelined/RegisterFile.vhd Line: 73
Info (10041): Inferred latch for "data_out2[9]" at RegisterFile.vhd(73) File: /home/kartik/RISC_Pipelined/RegisterFile.vhd Line: 73
Info (10041): Inferred latch for "data_out2[10]" at RegisterFile.vhd(73) File: /home/kartik/RISC_Pipelined/RegisterFile.vhd Line: 73
Info (10041): Inferred latch for "data_out2[11]" at RegisterFile.vhd(73) File: /home/kartik/RISC_Pipelined/RegisterFile.vhd Line: 73
Info (10041): Inferred latch for "data_out2[12]" at RegisterFile.vhd(73) File: /home/kartik/RISC_Pipelined/RegisterFile.vhd Line: 73
Info (10041): Inferred latch for "data_out2[13]" at RegisterFile.vhd(73) File: /home/kartik/RISC_Pipelined/RegisterFile.vhd Line: 73
Info (10041): Inferred latch for "data_out2[14]" at RegisterFile.vhd(73) File: /home/kartik/RISC_Pipelined/RegisterFile.vhd Line: 73
Info (10041): Inferred latch for "data_out2[15]" at RegisterFile.vhd(73) File: /home/kartik/RISC_Pipelined/RegisterFile.vhd Line: 73
Info (10041): Inferred latch for "data_out1[0]" at RegisterFile.vhd(64) File: /home/kartik/RISC_Pipelined/RegisterFile.vhd Line: 64
Info (10041): Inferred latch for "data_out1[1]" at RegisterFile.vhd(64) File: /home/kartik/RISC_Pipelined/RegisterFile.vhd Line: 64
Info (10041): Inferred latch for "data_out1[2]" at RegisterFile.vhd(64) File: /home/kartik/RISC_Pipelined/RegisterFile.vhd Line: 64
Info (10041): Inferred latch for "data_out1[3]" at RegisterFile.vhd(64) File: /home/kartik/RISC_Pipelined/RegisterFile.vhd Line: 64
Info (10041): Inferred latch for "data_out1[4]" at RegisterFile.vhd(64) File: /home/kartik/RISC_Pipelined/RegisterFile.vhd Line: 64
Info (10041): Inferred latch for "data_out1[5]" at RegisterFile.vhd(64) File: /home/kartik/RISC_Pipelined/RegisterFile.vhd Line: 64
Info (10041): Inferred latch for "data_out1[6]" at RegisterFile.vhd(64) File: /home/kartik/RISC_Pipelined/RegisterFile.vhd Line: 64
Info (10041): Inferred latch for "data_out1[7]" at RegisterFile.vhd(64) File: /home/kartik/RISC_Pipelined/RegisterFile.vhd Line: 64
Info (10041): Inferred latch for "data_out1[8]" at RegisterFile.vhd(64) File: /home/kartik/RISC_Pipelined/RegisterFile.vhd Line: 64
Info (10041): Inferred latch for "data_out1[9]" at RegisterFile.vhd(64) File: /home/kartik/RISC_Pipelined/RegisterFile.vhd Line: 64
Info (10041): Inferred latch for "data_out1[10]" at RegisterFile.vhd(64) File: /home/kartik/RISC_Pipelined/RegisterFile.vhd Line: 64
Info (10041): Inferred latch for "data_out1[11]" at RegisterFile.vhd(64) File: /home/kartik/RISC_Pipelined/RegisterFile.vhd Line: 64
Info (10041): Inferred latch for "data_out1[12]" at RegisterFile.vhd(64) File: /home/kartik/RISC_Pipelined/RegisterFile.vhd Line: 64
Info (10041): Inferred latch for "data_out1[13]" at RegisterFile.vhd(64) File: /home/kartik/RISC_Pipelined/RegisterFile.vhd Line: 64
Info (10041): Inferred latch for "data_out1[14]" at RegisterFile.vhd(64) File: /home/kartik/RISC_Pipelined/RegisterFile.vhd Line: 64
Info (10041): Inferred latch for "data_out1[15]" at RegisterFile.vhd(64) File: /home/kartik/RISC_Pipelined/RegisterFile.vhd Line: 64
Info (10041): Inferred latch for "write:address3num[0]" at RegisterFile.vhd(26) File: /home/kartik/RISC_Pipelined/RegisterFile.vhd Line: 26
Info (10041): Inferred latch for "write:address3num[1]" at RegisterFile.vhd(26) File: /home/kartik/RISC_Pipelined/RegisterFile.vhd Line: 26
Info (10041): Inferred latch for "write:address3num[2]" at RegisterFile.vhd(26) File: /home/kartik/RISC_Pipelined/RegisterFile.vhd Line: 26
Info (12128): Elaborating entity "Mux_4to1_16bit" for hierarchy "Mux_4to1_16bit:muxAluA" File: /home/kartik/RISC_Pipelined/Datapath.vhd Line: 264
Warning (10631): VHDL Process Statement warning at Mux_4to1_16bit.vhd(16): inferring latch(es) for signal or variable "output", which holds its previous value in one or more paths through the process File: /home/kartik/RISC_Pipelined/Mux_4to1_16bit.vhd Line: 16
Info (10041): Inferred latch for "output[0]" at Mux_4to1_16bit.vhd(16) File: /home/kartik/RISC_Pipelined/Mux_4to1_16bit.vhd Line: 16
Info (10041): Inferred latch for "output[1]" at Mux_4to1_16bit.vhd(16) File: /home/kartik/RISC_Pipelined/Mux_4to1_16bit.vhd Line: 16
Info (10041): Inferred latch for "output[2]" at Mux_4to1_16bit.vhd(16) File: /home/kartik/RISC_Pipelined/Mux_4to1_16bit.vhd Line: 16
Info (10041): Inferred latch for "output[3]" at Mux_4to1_16bit.vhd(16) File: /home/kartik/RISC_Pipelined/Mux_4to1_16bit.vhd Line: 16
Info (10041): Inferred latch for "output[4]" at Mux_4to1_16bit.vhd(16) File: /home/kartik/RISC_Pipelined/Mux_4to1_16bit.vhd Line: 16
Info (10041): Inferred latch for "output[5]" at Mux_4to1_16bit.vhd(16) File: /home/kartik/RISC_Pipelined/Mux_4to1_16bit.vhd Line: 16
Info (10041): Inferred latch for "output[6]" at Mux_4to1_16bit.vhd(16) File: /home/kartik/RISC_Pipelined/Mux_4to1_16bit.vhd Line: 16
Info (10041): Inferred latch for "output[7]" at Mux_4to1_16bit.vhd(16) File: /home/kartik/RISC_Pipelined/Mux_4to1_16bit.vhd Line: 16
Info (10041): Inferred latch for "output[8]" at Mux_4to1_16bit.vhd(16) File: /home/kartik/RISC_Pipelined/Mux_4to1_16bit.vhd Line: 16
Info (10041): Inferred latch for "output[9]" at Mux_4to1_16bit.vhd(16) File: /home/kartik/RISC_Pipelined/Mux_4to1_16bit.vhd Line: 16
Info (10041): Inferred latch for "output[10]" at Mux_4to1_16bit.vhd(16) File: /home/kartik/RISC_Pipelined/Mux_4to1_16bit.vhd Line: 16
Info (10041): Inferred latch for "output[11]" at Mux_4to1_16bit.vhd(16) File: /home/kartik/RISC_Pipelined/Mux_4to1_16bit.vhd Line: 16
Info (10041): Inferred latch for "output[12]" at Mux_4to1_16bit.vhd(16) File: /home/kartik/RISC_Pipelined/Mux_4to1_16bit.vhd Line: 16
Info (10041): Inferred latch for "output[13]" at Mux_4to1_16bit.vhd(16) File: /home/kartik/RISC_Pipelined/Mux_4to1_16bit.vhd Line: 16
Info (10041): Inferred latch for "output[14]" at Mux_4to1_16bit.vhd(16) File: /home/kartik/RISC_Pipelined/Mux_4to1_16bit.vhd Line: 16
Info (10041): Inferred latch for "output[15]" at Mux_4to1_16bit.vhd(16) File: /home/kartik/RISC_Pipelined/Mux_4to1_16bit.vhd Line: 16
Info (12128): Elaborating entity "register_1bit" for hierarchy "register_1bit:cflag" File: /home/kartik/RISC_Pipelined/Datapath.vhd Line: 267
Info (12128): Elaborating entity "PC_MUX_Control_unit" for hierarchy "PC_MUX_Control_unit:pcController" File: /home/kartik/RISC_Pipelined/Datapath.vhd Line: 270
Warning (10492): VHDL Process Statement warning at PC_MUX_Control_unit.vhd(26): signal "OpCode" is read inside the Process Statement but isn't in the Process Statement's sensitivity list File: /home/kartik/RISC_Pipelined/PC_MUX_Control_unit.vhd Line: 26
Warning (10492): VHDL Process Statement warning at PC_MUX_Control_unit.vhd(29): signal "OpCode" is read inside the Process Statement but isn't in the Process Statement's sensitivity list File: /home/kartik/RISC_Pipelined/PC_MUX_Control_unit.vhd Line: 29
Warning (10492): VHDL Process Statement warning at PC_MUX_Control_unit.vhd(32): signal "OpCode" is read inside the Process Statement but isn't in the Process Statement's sensitivity list File: /home/kartik/RISC_Pipelined/PC_MUX_Control_unit.vhd Line: 32
Warning (10492): VHDL Process Statement warning at PC_MUX_Control_unit.vhd(35): signal "OpCode" is read inside the Process Statement but isn't in the Process Statement's sensitivity list File: /home/kartik/RISC_Pipelined/PC_MUX_Control_unit.vhd Line: 35
Warning (10492): VHDL Process Statement warning at PC_MUX_Control_unit.vhd(38): signal "OpCode" is read inside the Process Statement but isn't in the Process Statement's sensitivity list File: /home/kartik/RISC_Pipelined/PC_MUX_Control_unit.vhd Line: 38
Warning (10492): VHDL Process Statement warning at PC_MUX_Control_unit.vhd(41): signal "OpCode" is read inside the Process Statement but isn't in the Process Statement's sensitivity list File: /home/kartik/RISC_Pipelined/PC_MUX_Control_unit.vhd Line: 41
Warning (10492): VHDL Process Statement warning at PC_MUX_Control_unit.vhd(44): signal "OpCode" is read inside the Process Statement but isn't in the Process Statement's sensitivity list File: /home/kartik/RISC_Pipelined/PC_MUX_Control_unit.vhd Line: 44
Info (12128): Elaborating entity "RR" for hierarchy "RR:lm_sm" File: /home/kartik/RISC_Pipelined/Datapath.vhd Line: 271
Warning (10631): VHDL Process Statement warning at rr_stage.vhd(95): inferring latch(es) for signal or variable "rf_addr", which holds its previous value in one or more paths through the process File: /home/kartik/RISC_Pipelined/rr_stage.vhd Line: 95
Warning (10631): VHDL Process Statement warning at rr_stage.vhd(95): inferring latch(es) for signal or variable "unincremented_mem_addr", which holds its previous value in one or more paths through the process File: /home/kartik/RISC_Pipelined/rr_stage.vhd Line: 95
Warning (10631): VHDL Process Statement warning at rr_stage.vhd(95): inferring latch(es) for signal or variable "rstlsm_out", which holds its previous value in one or more paths through the process File: /home/kartik/RISC_Pipelined/rr_stage.vhd Line: 95
Info (10041): Inferred latch for "rstlsm_out[0]" at rr_stage.vhd(95) File: /home/kartik/RISC_Pipelined/rr_stage.vhd Line: 95
Info (10041): Inferred latch for "rstlsm_out[1]" at rr_stage.vhd(95) File: /home/kartik/RISC_Pipelined/rr_stage.vhd Line: 95
Info (10041): Inferred latch for "rstlsm_out[2]" at rr_stage.vhd(95) File: /home/kartik/RISC_Pipelined/rr_stage.vhd Line: 95
Info (10041): Inferred latch for "rstlsm_out[3]" at rr_stage.vhd(95) File: /home/kartik/RISC_Pipelined/rr_stage.vhd Line: 95
Info (10041): Inferred latch for "rstlsm_out[4]" at rr_stage.vhd(95) File: /home/kartik/RISC_Pipelined/rr_stage.vhd Line: 95
Info (10041): Inferred latch for "rstlsm_out[5]" at rr_stage.vhd(95) File: /home/kartik/RISC_Pipelined/rr_stage.vhd Line: 95
Info (10041): Inferred latch for "rstlsm_out[6]" at rr_stage.vhd(95) File: /home/kartik/RISC_Pipelined/rr_stage.vhd Line: 95
Info (10041): Inferred latch for "rstlsm_out[7]" at rr_stage.vhd(95) File: /home/kartik/RISC_Pipelined/rr_stage.vhd Line: 95
Info (10041): Inferred latch for "unincremented_mem_addr[0]" at rr_stage.vhd(95) File: /home/kartik/RISC_Pipelined/rr_stage.vhd Line: 95
Info (10041): Inferred latch for "unincremented_mem_addr[1]" at rr_stage.vhd(95) File: /home/kartik/RISC_Pipelined/rr_stage.vhd Line: 95
Info (10041): Inferred latch for "unincremented_mem_addr[2]" at rr_stage.vhd(95) File: /home/kartik/RISC_Pipelined/rr_stage.vhd Line: 95
Info (10041): Inferred latch for "unincremented_mem_addr[3]" at rr_stage.vhd(95) File: /home/kartik/RISC_Pipelined/rr_stage.vhd Line: 95
Info (10041): Inferred latch for "unincremented_mem_addr[4]" at rr_stage.vhd(95) File: /home/kartik/RISC_Pipelined/rr_stage.vhd Line: 95
Info (10041): Inferred latch for "unincremented_mem_addr[5]" at rr_stage.vhd(95) File: /home/kartik/RISC_Pipelined/rr_stage.vhd Line: 95
Info (10041): Inferred latch for "unincremented_mem_addr[6]" at rr_stage.vhd(95) File: /home/kartik/RISC_Pipelined/rr_stage.vhd Line: 95
Info (10041): Inferred latch for "unincremented_mem_addr[7]" at rr_stage.vhd(95) File: /home/kartik/RISC_Pipelined/rr_stage.vhd Line: 95
Info (10041): Inferred latch for "unincremented_mem_addr[8]" at rr_stage.vhd(95) File: /home/kartik/RISC_Pipelined/rr_stage.vhd Line: 95
Info (10041): Inferred latch for "unincremented_mem_addr[9]" at rr_stage.vhd(95) File: /home/kartik/RISC_Pipelined/rr_stage.vhd Line: 95
Info (10041): Inferred latch for "unincremented_mem_addr[10]" at rr_stage.vhd(95) File: /home/kartik/RISC_Pipelined/rr_stage.vhd Line: 95
Info (10041): Inferred latch for "unincremented_mem_addr[11]" at rr_stage.vhd(95) File: /home/kartik/RISC_Pipelined/rr_stage.vhd Line: 95
Info (10041): Inferred latch for "unincremented_mem_addr[12]" at rr_stage.vhd(95) File: /home/kartik/RISC_Pipelined/rr_stage.vhd Line: 95
Info (10041): Inferred latch for "unincremented_mem_addr[13]" at rr_stage.vhd(95) File: /home/kartik/RISC_Pipelined/rr_stage.vhd Line: 95
Info (10041): Inferred latch for "unincremented_mem_addr[14]" at rr_stage.vhd(95) File: /home/kartik/RISC_Pipelined/rr_stage.vhd Line: 95
Info (10041): Inferred latch for "unincremented_mem_addr[15]" at rr_stage.vhd(95) File: /home/kartik/RISC_Pipelined/rr_stage.vhd Line: 95
Info (10041): Inferred latch for "rf_addr[0]" at rr_stage.vhd(95) File: /home/kartik/RISC_Pipelined/rr_stage.vhd Line: 95
Info (10041): Inferred latch for "rf_addr[1]" at rr_stage.vhd(95) File: /home/kartik/RISC_Pipelined/rr_stage.vhd Line: 95
Info (10041): Inferred latch for "rf_addr[2]" at rr_stage.vhd(95) File: /home/kartik/RISC_Pipelined/rr_stage.vhd Line: 95
Info (12128): Elaborating entity "RRINDECIDER" for hierarchy "RRINDECIDER:RRINPUT" File: /home/kartik/RISC_Pipelined/Datapath.vhd Line: 272
Info (12128): Elaborating entity "Mux_2to1_3bit" for hierarchy "Mux_2to1_3bit:RFA1_MUX" File: /home/kartik/RISC_Pipelined/Datapath.vhd Line: 281
Warning (10631): VHDL Process Statement warning at 2X1_3MUX.vhd(16): inferring latch(es) for signal or variable "output", which holds its previous value in one or more paths through the process File: /home/kartik/RISC_Pipelined/2X1_3MUX.vhd Line: 16
Info (10041): Inferred latch for "output[0]" at 2X1_3MUX.vhd(16) File: /home/kartik/RISC_Pipelined/2X1_3MUX.vhd Line: 16
Info (10041): Inferred latch for "output[1]" at 2X1_3MUX.vhd(16) File: /home/kartik/RISC_Pipelined/2X1_3MUX.vhd Line: 16
Info (10041): Inferred latch for "output[2]" at 2X1_3MUX.vhd(16) File: /home/kartik/RISC_Pipelined/2X1_3MUX.vhd Line: 16
Info (12128): Elaborating entity "FwdA" for hierarchy "FwdA:fwderA" File: /home/kartik/RISC_Pipelined/Datapath.vhd Line: 282
Info (12128): Elaborating entity "FwdB" for hierarchy "FwdB:fwderB" File: /home/kartik/RISC_Pipelined/Datapath.vhd Line: 283
Info (12128): Elaborating entity "Executor" for hierarchy "Executor:exec" File: /home/kartik/RISC_Pipelined/Datapath.vhd Line: 284
Info (12128): Elaborating entity "Stall_and_throw" for hierarchy "Stall_and_throw:ST" File: /home/kartik/RISC_Pipelined/Datapath.vhd Line: 286
Warning (10492): VHDL Process Statement warning at Stall_and_throw.vhd(87): signal "LSNOP" is read inside the Process Statement but isn't in the Process Statement's sensitivity list File: /home/kartik/RISC_Pipelined/Stall_and_throw.vhd Line: 87
Info (12128): Elaborating entity "load_hazards" for hierarchy "load_hazards:LH" File: /home/kartik/RISC_Pipelined/Datapath.vhd Line: 287
Warning (10620): VHDL warning at load_hazards.vhd(38): comparison between unequal length operands always returns FALSE File: /home/kartik/RISC_Pipelined/load_hazards.vhd Line: 38
Info (12128): Elaborating entity "RFCZ" for hierarchy "RFCZ:rfcz1" File: /home/kartik/RISC_Pipelined/Datapath.vhd Line: 288
Warning (10492): VHDL Process Statement warning at RF_C_Z.vhd(29): signal "opcode" is read inside the Process Statement but isn't in the Process Statement's sensitivity list File: /home/kartik/RISC_Pipelined/RF_C_Z.vhd Line: 29
Warning (10492): VHDL Process Statement warning at RF_C_Z.vhd(64): signal "opcode" is read inside the Process Statement but isn't in the Process Statement's sensitivity list File: /home/kartik/RISC_Pipelined/RF_C_Z.vhd Line: 64
Warning (10492): VHDL Process Statement warning at RF_C_Z.vhd(70): signal "opcode" is read inside the Process Statement but isn't in the Process Statement's sensitivity list File: /home/kartik/RISC_Pipelined/RF_C_Z.vhd Line: 70
Warning (10492): VHDL Process Statement warning at RF_C_Z.vhd(76): signal "opcode" is read inside the Process Statement but isn't in the Process Statement's sensitivity list File: /home/kartik/RISC_Pipelined/RF_C_Z.vhd Line: 76
Warning (10492): VHDL Process Statement warning at RF_C_Z.vhd(82): signal "opcode" is read inside the Process Statement but isn't in the Process Statement's sensitivity list File: /home/kartik/RISC_Pipelined/RF_C_Z.vhd Line: 82
Warning (10492): VHDL Process Statement warning at RF_C_Z.vhd(88): signal "opcode" is read inside the Process Statement but isn't in the Process Statement's sensitivity list File: /home/kartik/RISC_Pipelined/RF_C_Z.vhd Line: 88
Warning (10492): VHDL Process Statement warning at RF_C_Z.vhd(94): signal "opcode" is read inside the Process Statement but isn't in the Process Statement's sensitivity list File: /home/kartik/RISC_Pipelined/RF_C_Z.vhd Line: 94
Warning (10492): VHDL Process Statement warning at RF_C_Z.vhd(100): signal "opcode" is read inside the Process Statement but isn't in the Process Statement's sensitivity list File: /home/kartik/RISC_Pipelined/RF_C_Z.vhd Line: 100
Info (12128): Elaborating entity "loader" for hierarchy "loader:loader1" File: /home/kartik/RISC_Pipelined/Datapath.vhd Line: 289
Info (12128): Elaborating entity "MEMACCESS" for hierarchy "MEMACCESS:memaccess1" File: /home/kartik/RISC_Pipelined/Datapath.vhd Line: 290
Info (12128): Elaborating entity "SignExtender" for hierarchy "SignExtender:se" File: /home/kartik/RISC_Pipelined/Datapath.vhd Line: 291
Warning (10631): VHDL Process Statement warning at signExtender.vhd(19): inferring latch(es) for signal or variable "output", which holds its previous value in one or more paths through the process File: /home/kartik/RISC_Pipelined/signExtender.vhd Line: 19
Info (12128): Elaborating entity "ALU" for hierarchy "ALU:alu1" File: /home/kartik/RISC_Pipelined/Datapath.vhd Line: 292
Warning (10492): VHDL Process Statement warning at ALU.vhd(165): signal "OpCode" is read inside the Process Statement but isn't in the Process Statement's sensitivity list File: /home/kartik/RISC_Pipelined/ALU.vhd Line: 165
Warning (10492): VHDL Process Statement warning at ALU.vhd(165): signal "complement" is read inside the Process Statement but isn't in the Process Statement's sensitivity list File: /home/kartik/RISC_Pipelined/ALU.vhd Line: 165
Warning (10492): VHDL Process Statement warning at ALU.vhd(165): signal "carry_in" is read inside the Process Statement but isn't in the Process Statement's sensitivity list File: /home/kartik/RISC_Pipelined/ALU.vhd Line: 165
Warning (10492): VHDL Process Statement warning at ALU.vhd(177): signal "OpCode" is read inside the Process Statement but isn't in the Process Statement's sensitivity list File: /home/kartik/RISC_Pipelined/ALU.vhd Line: 177
Warning (10492): VHDL Process Statement warning at ALU.vhd(177): signal "complement" is read inside the Process Statement but isn't in the Process Statement's sensitivity list File: /home/kartik/RISC_Pipelined/ALU.vhd Line: 177
Warning (10492): VHDL Process Statement warning at ALU.vhd(179): signal "OpCode" is read inside the Process Statement but isn't in the Process Statement's sensitivity list File: /home/kartik/RISC_Pipelined/ALU.vhd Line: 179
Warning (10492): VHDL Process Statement warning at ALU.vhd(179): signal "complement" is read inside the Process Statement but isn't in the Process Statement's sensitivity list File: /home/kartik/RISC_Pipelined/ALU.vhd Line: 179
Warning (10631): VHDL Process Statement warning at ALU.vhd(159): inferring latch(es) for signal or variable "E", which holds its previous value in one or more paths through the process File: /home/kartik/RISC_Pipelined/ALU.vhd Line: 159
Info (10041): Inferred latch for "E" at ALU.vhd(159) File: /home/kartik/RISC_Pipelined/ALU.vhd Line: 159
Info (12128): Elaborating entity "Mux_2to1_16bit" for hierarchy "Mux_2to1_16bit:EXMEMIN_DATA1_MUX" File: /home/kartik/RISC_Pipelined/Datapath.vhd Line: 295
Warning (10631): VHDL Process Statement warning at 2X1_16MUX.vhd(16): inferring latch(es) for signal or variable "output", which holds its previous value in one or more paths through the process File: /home/kartik/RISC_Pipelined/2X1_16MUX.vhd Line: 16
Info (10041): Inferred latch for "output[0]" at 2X1_16MUX.vhd(16) File: /home/kartik/RISC_Pipelined/2X1_16MUX.vhd Line: 16
Info (10041): Inferred latch for "output[1]" at 2X1_16MUX.vhd(16) File: /home/kartik/RISC_Pipelined/2X1_16MUX.vhd Line: 16
Info (10041): Inferred latch for "output[2]" at 2X1_16MUX.vhd(16) File: /home/kartik/RISC_Pipelined/2X1_16MUX.vhd Line: 16
Info (10041): Inferred latch for "output[3]" at 2X1_16MUX.vhd(16) File: /home/kartik/RISC_Pipelined/2X1_16MUX.vhd Line: 16
Info (10041): Inferred latch for "output[4]" at 2X1_16MUX.vhd(16) File: /home/kartik/RISC_Pipelined/2X1_16MUX.vhd Line: 16
Info (10041): Inferred latch for "output[5]" at 2X1_16MUX.vhd(16) File: /home/kartik/RISC_Pipelined/2X1_16MUX.vhd Line: 16
Info (10041): Inferred latch for "output[6]" at 2X1_16MUX.vhd(16) File: /home/kartik/RISC_Pipelined/2X1_16MUX.vhd Line: 16
Info (10041): Inferred latch for "output[7]" at 2X1_16MUX.vhd(16) File: /home/kartik/RISC_Pipelined/2X1_16MUX.vhd Line: 16
Info (10041): Inferred latch for "output[8]" at 2X1_16MUX.vhd(16) File: /home/kartik/RISC_Pipelined/2X1_16MUX.vhd Line: 16
Info (10041): Inferred latch for "output[9]" at 2X1_16MUX.vhd(16) File: /home/kartik/RISC_Pipelined/2X1_16MUX.vhd Line: 16
Info (10041): Inferred latch for "output[10]" at 2X1_16MUX.vhd(16) File: /home/kartik/RISC_Pipelined/2X1_16MUX.vhd Line: 16
Info (10041): Inferred latch for "output[11]" at 2X1_16MUX.vhd(16) File: /home/kartik/RISC_Pipelined/2X1_16MUX.vhd Line: 16
Info (10041): Inferred latch for "output[12]" at 2X1_16MUX.vhd(16) File: /home/kartik/RISC_Pipelined/2X1_16MUX.vhd Line: 16
Info (10041): Inferred latch for "output[13]" at 2X1_16MUX.vhd(16) File: /home/kartik/RISC_Pipelined/2X1_16MUX.vhd Line: 16
Info (10041): Inferred latch for "output[14]" at 2X1_16MUX.vhd(16) File: /home/kartik/RISC_Pipelined/2X1_16MUX.vhd Line: 16
Info (10041): Inferred latch for "output[15]" at 2X1_16MUX.vhd(16) File: /home/kartik/RISC_Pipelined/2X1_16MUX.vhd Line: 16
Info (12128): Elaborating entity "Mux_2to1_8bit" for hierarchy "Mux_2to1_8bit:RREXOUT_LAST8_MUX" File: /home/kartik/RISC_Pipelined/Datapath.vhd Line: 296
Warning (10631): VHDL Process Statement warning at 2X1_8BIT.vhd(16): inferring latch(es) for signal or variable "output", which holds its previous value in one or more paths through the process File: /home/kartik/RISC_Pipelined/2X1_8BIT.vhd Line: 16
Info (10041): Inferred latch for "output[0]" at 2X1_8BIT.vhd(16) File: /home/kartik/RISC_Pipelined/2X1_8BIT.vhd Line: 16
Info (10041): Inferred latch for "output[1]" at 2X1_8BIT.vhd(16) File: /home/kartik/RISC_Pipelined/2X1_8BIT.vhd Line: 16
Info (10041): Inferred latch for "output[2]" at 2X1_8BIT.vhd(16) File: /home/kartik/RISC_Pipelined/2X1_8BIT.vhd Line: 16
Info (10041): Inferred latch for "output[3]" at 2X1_8BIT.vhd(16) File: /home/kartik/RISC_Pipelined/2X1_8BIT.vhd Line: 16
Info (10041): Inferred latch for "output[4]" at 2X1_8BIT.vhd(16) File: /home/kartik/RISC_Pipelined/2X1_8BIT.vhd Line: 16
Info (10041): Inferred latch for "output[5]" at 2X1_8BIT.vhd(16) File: /home/kartik/RISC_Pipelined/2X1_8BIT.vhd Line: 16
Info (10041): Inferred latch for "output[6]" at 2X1_8BIT.vhd(16) File: /home/kartik/RISC_Pipelined/2X1_8BIT.vhd Line: 16
Info (10041): Inferred latch for "output[7]" at 2X1_8BIT.vhd(16) File: /home/kartik/RISC_Pipelined/2X1_8BIT.vhd Line: 16
Info (16010): Generating hard_block partition "hard_block:auto_generated_inst"
    Info (16011): Adding 0 node(s), including 0 DDIO, 0 PLL, 0 transceiver and 0 LCELL
Warning (21074): Design contains 1 input pin(s) that do not drive logic
    Warning (15610): No output dependent on input pin "clk" File: /home/kartik/RISC_Pipelined/Datapath.vhd Line: 6
Info (21057): Implemented 1 device resources after synthesis - the final resource count might be different
    Info (21058): Implemented 1 input pins
    Info (21059): Implemented 0 output pins
Info: Quartus Prime Analysis & Synthesis was successful. 0 errors, 80 warnings
    Info: Peak virtual memory: 436 megabytes
    Info: Processing ended: Wed May 10 19:46:31 2023
    Info: Elapsed time: 00:00:09
    Info: Total CPU time (on all processors): 00:00:21


